<html>
<body>
<pre>
<h1>礦ision Build Log</h1>
<h2>Tool Versions:</h2>
IDE-Version: μVision V5.23.0.0
Copyright (C) 2017 ARM Ltd and ARM Germany GmbH. All rights reserved.
License Information: Tao Tao, Tao, LIC=CRMQD-87Z08-REEH3-AYCFE-LZ2PD-41WKT
 
Tool Versions:
Toolchain:       MDK-ARM Professional  Version: 5.23
Toolchain Path:  E:\soft\Keil_v5\ARM\ARMCC\Bin
C Compiler:      Armcc.exe V5.06 update 4 (build 422)
Assembler:       Armasm.exe V5.06 update 4 (build 422)
Linker/Locator:  ArmLink.exe V5.06 update 4 (build 422)
Library Manager: ArmAr.exe V5.06 update 4 (build 422)
Hex Converter:   FromElf.exe V5.06 update 4 (build 422)
CPU DLL:         SARMCM3.DLL V5.23
Dialog DLL:      DCM.DLL V1.15.0.0
Target DLL:      STLink\ST-LINKIII-KEIL_SWO.dll V2.0.18.0
Dialog DLL:      TCM.DLL V1.27.0.0
 
<h2>Project:</h2>
E:\单片机资料\硬石开发板demo\Template_1118\Project\MDKARM(uV5)\YS-F1PRO.uvprojx
Project File Date:  11/18/2018

<h2>Output:</h2>
*** Using Compiler 'V5.06 update 4 (build 422)', folder: 'E:\soft\Keil_v5\ARM\ARMCC\Bin'
Build target 'YS-F1PRO'
compiling common.c...
..\..\User\common.c(13): warning:  #1-D: last line of file ends without a newline
  }
..\..\User\common.c: 1 warning, 0 errors
compiling main.c...
..\..\User\main.c(25): warning:  #550-D: variable "timecount"  was set but never used
  static uint16_t timecount;
..\..\User\main.c: 1 warning, 0 errors
linking...
Program Size: Code=2816 RO-data=336 RW-data=56 ZI-data=1045504  
FromELF: creating hex file...
After Build - User command #1: CopyHex_Flash.bat
E:\单片机资料\硬石开发板demo\Template_1118\Project\MDKARM(uV5)>copy Objects\YS-F1PRO.hex YS-F1PRO.hex 
已复制         1 个文件。
".\Objects\YS-F1PRO.axf" - 0 Error(s), 2 Warning(s).

<h2>Collection of Component include folders:</h2>
  .\RTE\_YS-F1PRO
  E:\soft\Keil_v5\ARM\PACK\Keil\STM32F1xx_DFP\2.0.0\Device\Include

<h2>Collection of Component Files used:</h2>
Build Time Elapsed:  00:00:01
</pre>
</body>
</html>
